{"line_number":"2","whitespace_descriptor":{"regions":{"0":"\n","1":" ","2":" ","3":"\n"}},"type":"assignment_statement","children":[{"type":"left_operand_expression","children":[{"line_number":"2","whitespace_descriptor":{"regions":{"0":"\n","3":" "}},"type":"variable_reference_expression","variable_reference_name":"a","variable_name":"a","package_name":null}]},{"type":"right_operand_expression","children":[{"line_number":"2","whitespace_descriptor":{"regions":{"0":" ","3":""}},"type":"variable_reference_expression","variable_reference_name":"b","variable_name":"b","package_name":null}]}]}
