{"type":"function_invocation_expression","package_name":"test","package_path":null,"function_name":"function1","line_number":"2","position_info":{"start_line":2,"start_offset":0,"stop_line":2,"stop_offset":0},"whitespace_descriptor":{"regions":{"0":"\n","1":"","2":"","3":""}},"children":[{"line_number":"2","position_info":{"start_line":2,"start_offset":15,"stop_line":2,"stop_offset":15},"whitespace_descriptor":{"regions":{"0":"","3":""}},"type":"simple_variable_reference_expression","variable_reference_name":"a","variable_name":"a","package_name":null},{"line_number":"2","position_info":{"start_line":2,"start_offset":18,"stop_line":2,"stop_offset":18},"whitespace_descriptor":{"regions":{"0":" ","3":""}},"type":"simple_variable_reference_expression","variable_reference_name":"b","variable_name":"b","package_name":null}]}