{"type":"join_statement","join_type":"all","join_count":0,"join_workers":["workerA","workerB"]}