{"type":"join_statement","join_type":"any","join_count":1,"join_workers":["Worker1","Worker2"]}
